[LOG] FMOD_System_Create                       : Header version = 2.03.09. Current version = 2.03.09.
[LOG] system_create                            : Header version = 2.03.09. Current version = 2.03.09.
[LOG] SystemI::setOutputInternal               : Setting output to 'FMOD Core Audio Output'
[LOG] Manager::init                            : maxchannels = 256 studioflags = 00000006 flags 00000000 extradriverdata 0x0.
[LOG] SystemI::init                            : Initialize version=20309 (155273), maxchannels=256, flags=0x00020000
[LOG] OutputCoreAudio::init                    : Output running 2 channels at 48000Hz sample rate.
[LOG] OutputCoreAudio::init                    : Maximum hardware read size: 512 samples, Software buffer size: 512 samples, Number of software buffers: 4.
[LOG] Thread::initThread                       : Init FMOD stream thread. Affinity: 0x4000000000000003, Priority: 0xFFFF7FFB, Stack Size: 98304, Semaphore: No, Sleep Time: 10, Looping: Yes.
[LOG] SystemI::DSPCodecPoolRegister            : register codec pool for pool type 0
[LOG] Thread::initThread                       : Init FMOD mixer thread. Affinity: 0x4000000000000001, Priority: 0xFFFF7FFA, Stack Size: 81920, Semaphore: Yes, Sleep Time: 0, Looping: Yes.
[LOG] AsyncManager::init                       : manager 0x7d6ef8e08 isAsync 0 updatePeriod 0.02
[LOG] AsyncManager::init                       : done
[LOG] PlaybackSystem::init                     : 
[LOG] Thread::initThread                       : Init FMOD Studio sample load thread. Affinity: 0x4000000000000003, Priority: 0xFFFF7FFD, Stack Size: 98304, Semaphore: No, Sleep Time: 1, Looping: No.
[LOG] PlaybackSystem::init                     : done
[LOG] Thread::initThread                       : Init FMOD Studio bank load thread. Affinity: 0x4000000000000003, Priority: 0xFFFF7FFD, Stack Size: 98304, Semaphore: No, Sleep Time: 1, Looping: No.
[LOG] Manager::init                            : done.
[LOG] BankLoader::serializeBank                : fileversion = 146, compatVersion = 146 (oldest = 44, newest = 146)
[LOG] BankLoader::serializeBank                : fileversion = 146, compatVersion = 146 (oldest = 44, newest = 146)
[LOG] PlaybackSystem::acquireMasterBus         : Setting master channel group format to 6
[LOG] SystemI::createSound                     : filename = ../p1/Build/Desktop/Master.bank : mode 02010082
[LOG] SystemI::createSound                     : FMOD_NONBLOCKING specified.  Putting into queue to be opened asynchronously!
[LOG] AsyncThread::getAsyncThread              : index = 0 / 5
[LOG] AsyncThread::add                         : add sound to async queue : soundi = 0x7dc12a848, queue head = 0x7daf1f458, queue count = 0
[LOG] SystemI::createSound                     : filename = ../p1/Build/Desktop/Master.bank : mode 02010082
[LOG] SystemI::createSound                     : FMOD_NONBLOCKING specified.  Putting into queue to be opened asynchronously!
[LOG] AsyncThread::getAsyncThread              : index = 0 / 5
[LOG] AsyncThread::add                         : add sound to async queue : soundi = 0x7dc12a4c8, queue head = 0x7daf1f458, queue count = 0
[LOG] AsyncThread::threadFunc                  : Starting Asynchronous operation on sound 0x7dc12a848
[LOG] SystemI::createSound                     : filename = ../p1/Build/Desktop/Master.bank : mode 02010082
[LOG] SystemI::createSound                     :     FMOD_NONBLOCKING specified.  Putting into queue to be opened asynchronously!
[LOG] SystemI::createSoundInternal             :     Create name='../p1/Build/Desktop/Master.bank', mode=0x02010082
[LOG] SystemI::createSoundInternal             :     exinfo->cbsize             = 224
[LOG] SystemI::createSoundInternal             :     exinfo->length             = 2107872
[LOG] SystemI::createSoundInternal             :     exinfo->fileoffset         = 14592
[LOG] SystemI::createSoundInternal             :     exinfo->numsubsounds       = 1
[LOG] SystemI::createSoundInternal             :     exinfo->inclusionlist      = 0x7d9b7f5c8
[LOG] SystemI::createSoundInternal             :     exinfo->inclusionlistnum   = 1
[LOG] SystemI::createSoundInternal             :     exinfo->suggestedsoundtype = 5
[LOG] SystemI::createSoundInternal             :     exinfo->initialseekpostype = 1
[LOG] AsyncThread::getAsyncThread              :     index = 0 / 5
[LOG] AsyncThread::add                         :     add sound to async queue : soundi = 0x7dc12aa08, queue head = 0x7daf1f458, queue count = 1
[LOG] SystemI::createSound                     :     filename = ../p1/Build/Desktop/Master.bank : mode 02010082
[LOG] SystemI::createSound                     :     FMOD_NONBLOCKING specified.  Putting into queue to be opened asynchronously!
[LOG] AsyncThread::getAsyncThread              :     index = 0 / 5
[LOG] AsyncThread::add                         :     add sound to async queue : soundi = 0x7dc12abc8, queue head = 0x7daf1f458, queue count = 2
[LOG] SystemI::createSound                     :     filename = ../p1/Build/Desktop/Master.bank : mode 02010082
[LOG] SystemI::createSound                     :     FMOD_NONBLOCKING specified.  Putting into queue to be opened asynchronously!
[LOG] AsyncThread::getAsyncThread              :     index = 0 / 5
[LOG] AsyncThread::add                         :     add sound to async queue : soundi = 0x7dc12af48, queue head = 0x7daf1f458, queue count = 3
[LOG] SystemI::createSoundInternal             :     Stream 0/1: name='808', format=5, channels=2, frequency=48000, lengthbytes=98112, lengthpcm=1026925, pcmblocksize=0, loopstart=0, loopend=0, mode=0x00000000, channelmask=0x00000000, channelorder=0, peakvolume=0.988342.
[LOG] SystemI::createSound                     :     filename = ../p1/Build/Desktop/Master.bank : mode 02010082
[LOG] SystemI::createSound                     :     FMOD_NONBLOCKING specified.  Putting into queue to be opened asynchronously!
[LOG] AsyncThread::getAsyncThread              :     index = 0 / 5
[LOG] AsyncThread::add                         :     add sound to async queue : soundi = 0x7dc12b2c8, queue head = 0x7daf1f458, queue count = 4
[LOG] AsyncThread::threadFunc                  : Finished Asynchronous operation on sound 0x7dc12a848
[LOG] AsyncThread::threadFunc                  : Starting Asynchronous operation on sound 0x7dc12a4c8
[LOG] SystemI::createSoundInternal             :     Create name='../p1/Build/Desktop/Master.bank', mode=0x02010082
[LOG] SystemI::createSoundInternal             :     exinfo->cbsize             = 224
[LOG] SystemI::createSoundInternal             :     exinfo->length             = 2107872
[LOG] SystemI::createSoundInternal             :     exinfo->fileoffset         = 14592
[LOG] SystemI::createSoundInternal             :     exinfo->numsubsounds       = 1
[LOG] SystemI::createSoundInternal             :     exinfo->inclusionlist      = 0x7d9b7f2c8
[LOG] SystemI::createSoundInternal             :     exinfo->inclusionlistnum   = 1
[LOG] SystemI::createSoundInternal             :     exinfo->suggestedsoundtype = 5
[LOG] SystemI::createSoundInternal             :     exinfo->initialseekposition = 8000
[LOG] SystemI::createSoundInternal             :     exinfo->initialseekpostype = 1
[LOG] SystemI::createSoundInternal             :     Stream 0/1: name='drums', format=5, channels=2, frequency=48000, lengthbytes=390208, lengthpcm=1538507, pcmblocksize=0, loopstart=0, loopend=0, mode=0x00000000, channelmask=0x00000000, channelorder=0, peakvolume=0.986389.
[LOG] AsyncThread::threadFunc                  : Finished Asynchronous operation on sound 0x7dc12a4c8
[LOG] AsyncThread::threadFunc                  : Starting Asynchronous operation on sound 0x7dc12aa08
[LOG] SystemI::createSoundInternal             :     Create name='../p1/Build/Desktop/Master.bank', mode=0x02010082
[LOG] SystemI::createSoundInternal             :     exinfo->cbsize             = 224
[LOG] SystemI::createSoundInternal             :     exinfo->length             = 2107872
[LOG] SystemI::createSoundInternal             :     exinfo->fileoffset         = 14592
[LOG] SystemI::createSoundInternal             :     exinfo->numsubsounds       = 1
[LOG] SystemI::createSoundInternal             :     exinfo->inclusionlist      = 0x7d9b7f8c8
[LOG] SystemI::createSoundInternal             :     exinfo->inclusionlistnum   = 1
[LOG] SystemI::createSoundInternal             :     exinfo->suggestedsoundtype = 5
[LOG] SystemI::createSoundInternal             :     exinfo->initialseekpostype = 1
[LOG] SystemI::createSoundInternal             :     Stream 0/1: name='beat', format=5, channels=2, frequency=48000, lengthbytes=206240, lengthpcm=1026925, pcmblocksize=0, loopstart=0, loopend=0, mode=0x00000000, channelmask=0x00000000, channelorder=0, peakvolume=0.988861.
[LOG] AsyncThread::threadFunc                  : Finished Asynchronous operation on sound 0x7dc12aa08
[LOG] AsyncThread::threadFunc                  : Starting Asynchronous operation on sound 0x7dc12abc8
[LOG] SystemI::createSoundInternal             :     Create name='../p1/Build/Desktop/Master.bank', mode=0x02010082
[LOG] SystemI::createSoundInternal             :     exinfo->cbsize             = 224
[LOG] SystemI::createSoundInternal             :     exinfo->length             = 2107872
[LOG] SystemI::createSoundInternal             :     exinfo->fileoffset         = 14592
[LOG] SystemI::createSoundInternal             :     exinfo->numsubsounds       = 1
[LOG] SystemI::createSoundInternal             :     exinfo->inclusionlist      = 0x7d9b7fbc8
[LOG] SystemI::createSoundInternal             :     exinfo->inclusionlistnum   = 1
[LOG] SystemI::createSoundInternal             :     exinfo->suggestedsoundtype = 5
[LOG] SystemI::createSoundInternal             :     exinfo->initialseekpostype = 1
[LOG] SystemI::createSoundInternal             :     Stream 0/1: name='bass 2', format=5, channels=2, frequency=48000, lengthbytes=121696, lengthpcm=1026925, pcmblocksize=0, loopstart=0, loopend=0, mode=0x00000000, channelmask=0x00000000, channelorder=0, peakvolume=0.988434.
[LOG] AsyncThread::threadFunc                  : Finished Asynchronous operation on sound 0x7dc12abc8
[LOG] AsyncThread::threadFunc                  : Starting Asynchronous operation on sound 0x7dc12af48
[LOG] SystemI::createSoundInternal             :     Create name='../p1/Build/Desktop/Master.bank', mode=0x02010082
[LOG] SystemI::createSoundInternal             :     exinfo->cbsize             = 224
[LOG] SystemI::createSoundInternal             :     exinfo->length             = 2107872
[LOG] SystemI::createSoundInternal             :     exinfo->fileoffset         = 14592
[LOG] SystemI::createSoundInternal             :     exinfo->numsubsounds       = 1
[LOG] SystemI::createSoundInternal             :     exinfo->inclusionlist      = 0x7d9b7fec8
[LOG] SystemI::createSoundInternal             :     exinfo->inclusionlistnum   = 1
[LOG] SystemI::createSoundInternal             :     exinfo->suggestedsoundtype = 5
[LOG] SystemI::createSoundInternal             :     exinfo->initialseekpostype = 1
[LOG] SystemI::createSoundInternal             :     Stream 0/1: name='piano', format=5, channels=2, frequency=48000, lengthbytes=158720, lengthpcm=1026925, pcmblocksize=0, loopstart=0, loopend=0, mode=0x00000000, channelmask=0x00000000, channelorder=0, peakvolume=0.988373.
[LOG] AsyncThread::threadFunc                  : Finished Asynchronous operation on sound 0x7dc12af48
[LOG] AsyncThread::threadFunc                  : Starting Asynchronous operation on sound 0x7dc12b2c8
[LOG] SystemI::createSoundInternal             :     Create name='../p1/Build/Desktop/Master.bank', mode=0x02010082
[LOG] SystemI::createSoundInternal             :     exinfo->cbsize             = 224
[LOG] SystemI::createSoundInternal             :     exinfo->length             = 2107872
[LOG] SystemI::createSoundInternal             :     exinfo->fileoffset         = 14592
[LOG] SystemI::createSoundInternal             :     exinfo->numsubsounds       = 1
[LOG] SystemI::createSoundInternal             :     exinfo->inclusionlist      = 0x7dc182b48
[LOG] SystemI::createSoundInternal             :     exinfo->inclusionlistnum   = 1
[LOG] SystemI::createSoundInternal             :     exinfo->suggestedsoundtype = 5
[LOG] SystemI::createSoundInternal             :     exinfo->initialseekpostype = 1
[LOG] SystemI::createSoundInternal             :     Stream 0/1: name='boom bap ', format=5, channels=2, frequency=48000, lengthbytes=521856, lengthpcm=2051343, pcmblocksize=0, loopstart=0, loopend=0, mode=0x00000000, channelmask=0x00000000, channelorder=0, peakvolume=0.999969.
[LOG] AsyncThread::threadFunc                  : Finished Asynchronous operation on sound 0x7dc12b2c8
[LOG] AsyncThread::threadFunc                  : Starting Asynchronous operation on sound 0x7dcb58388
[LOG] AsyncThread::threadFunc                  : Finished Asynchronous operation on sound 0x7dcb58388
[LOG] AsyncThread::threadFunc                  : Starting Asynchronous operation on sound 0x7dcb58008
[LOG] AsyncThread::threadFunc                  : Finished Asynchronous operation on sound 0x7dcb58008
[LOG] AsyncThread::threadFunc                  : Starting Asynchronous operation on sound 0x7dc12bd48
[LOG] AsyncThread::threadFunc                  : Finished Asynchronous operation on sound 0x7dc12bd48
[LOG] SoundI::release                          : drums (0x7dc129188)
[LOG] SoundI::release                          :     drums (0x7daf1ee88)
[LOG] SoundI::release                          :     drums (0x7dc129508)
[LOG] SoundI::release                          : drums (0x7dc12a4c8)
[LOG] SoundI::release                          :     drums (0x7dc182288)
[LOG] SoundI::release                          :     drums (0x7dc12b648)
[LOG] SoundI::release                          : beat (0x7dc12aa08)
[LOG] SoundI::release                          :     beat (0x7dc182108)
[LOG] SoundI::release                          :     beat (0x7dc12b9c8)
[LOG] SoundI::release                          : 808 (0x7dc12a848)
[LOG] SoundI::release                          :     808 (0x7d9b7fc08)
[LOG] SoundI::release                          :     808 (0x7dc12b108)
[LOG] SoundI::release                          : boom bap  (0x7dc12b2c8)
[LOG] SoundI::release                          :     boom bap  (0x7daee4008)
[LOG] SoundI::release                          :     boom bap  (0x7dcb58388)
[LOG] SoundI::release                          : piano (0x7dc12af48)
[LOG] SoundI::release                          :     piano (0x7daf1fd88)
[LOG] SoundI::release                          :     piano (0x7dcb58008)
[LOG] SoundI::release                          : bass 2 (0x7dc12abc8)
[LOG] SoundI::release                          :     bass 2 (0x7dc182708)
[LOG] SoundI::release                          :     bass 2 (0x7dc12bd48)
[LOG] Thread::callback                         : FMOD Studio update thread finished.
[LOG] Thread::callback                         : FMOD Studio bank load thread finished.
[LOG] Profile::disconnectAll                   : Profiler disconnecting all clients
[LOG] Thread::callback                         : FMOD Studio sample load thread finished.
[LOG] LiveUpdate::release                      : 
[LOG] LiveUpdate::reset                        : Reset connection (reason Disconnected)
[LOG] Thread::callback                         : FMOD stream thread finished.
[LOG] Thread::callback                         : FMOD mixer thread finished.
[LOG] Profile::disconnectAll                   : Profiler disconnecting all clients
[LOG] SystemI::closeInternal                   : Closed.
[ERR] ~Global                                  : assertion: 'gSystemInitCount == 0' failed
